// Jest Snapshot v1, https://goo.gl/fbAQLP

exports[`Main should match snapshot 1`] = `
<View
  style={
    Object {
      "flex": 1,
      "flexDirection": "column",
      "paddingTop": 20,
    }
  }
>
  <View
    style={
      Object {
        "flex": 0,
      }
    }
  >
    <Text
      accessible={true}
      allowFontScaling={true}
      disabled={false}
      ellipsizeMode="tail"
      style={
        Object {
          "fontSize": 40,
          "textAlign": "center",
        }
      }
    >
      DEMO
    </Text>
  </View>
  <View
    style={
      Object {
        "alignContent": "center",
        "alignItems": "center",
        "borderColor": "#000",
        "borderWidth": 1,
        "flex": 1,
        "justifyContent": "center",
        "margin": 10,
      }
    }
  />
  <View
    style={
      Object {
        "flex": 0,
      }
    }
  >
    <View
      accessibilityComponentType={undefined}
      accessibilityLabel={undefined}
      accessibilityTraits={undefined}
      accessible={true}
      collapsable={undefined}
      hitSlop={undefined}
      isTVSelectable={true}
      nativeID={undefined}
      onLayout={undefined}
      onResponderGrant={[Function]}
      onResponderMove={[Function]}
      onResponderRelease={[Function]}
      onResponderTerminate={[Function]}
      onResponderTerminationRequest={[Function]}
      onStartShouldSetResponder={[Function]}
      style={
        Object {
          "backgroundColor": "#000",
          "borderRadius": 2,
          "flex": 1,
          "justifyContent": "center",
          "margin": 10,
          "opacity": 1,
          "paddingBottom": 20,
          "paddingLeft": 40,
          "paddingRight": 40,
          "paddingTop": 20,
        }
      }
      testID={undefined}
      tvParallaxProperties={undefined}
    >
      <Text
        accessible={true}
        allowFontScaling={true}
        disabled={false}
        ellipsizeMode="tail"
        style={
          Object {
            "color": "#fff",
            "textAlign": "center",
          }
        }
      >
        CAPTURE
      </Text>
    </View>
  </View>
</View>
`;
